#-----------------------------------------------------------
# Vivado v2024.1 (64-bit)
# SW Build 5076996 on Wed May 22 18:37:14 MDT 2024
# IP Build 5075265 on Wed May 22 21:45:21 MDT 2024
# SharedData Build 5076995 on Wed May 22 18:29:18 MDT 2024
# Start of session at: Sun Jun 28 01:01:44 2026
# Process ID: 41876
# Current directory: D:/Berkeley/daotweezer/RedPitaya-FPGA
# Command line: vivado.exe -source red_pitaya_vivado_project_z10.tcl -tclargs v0.94
# Log file: D:/Berkeley/daotweezer/RedPitaya-FPGA/vivado.log
# Journal file: D:/Berkeley/daotweezer/RedPitaya-FPGA\vivado.jou
# Running On        :sw
# Platform          :Windows Server 2016 or Windows 10
# Operating System  :26200
# Processor Detail  :12th Gen Intel(R) Core(TM) i7-12700H
# CPU Frequency     :2688 MHz
# CPU Physical cores:14
# CPU Logical cores :20
# Host memory       :16856 MB
# Swap memory       :23622 MB
# Total Virtual     :40478 MB
# Available Virtual :13144 MB
#-----------------------------------------------------------
start_gui
source red_pitaya_vivado_project_z10.tcl
update_compile_order -fileset sources_1
